// Jest Snapshot v1, https://goo.gl/fbAQLP

exports[`parse 1`] = `
Array [
  Object {
    "email": "cherreros0@bigcartel.com",
    "first_name": "Claybourne",
    "gender": "Male",
    "id": "1",
    "ip_address": "14.104.161.197",
    "last_name": "Herreros",
  },
  Object {
    "email": "smclellan1@naver.com",
    "first_name": "Silas",
    "gender": "Male",
    "id": "2",
    "ip_address": "231.230.131.222",
    "last_name": "McLellan",
  },
  Object {
    "email": "trapier2@chronoengine.com",
    "first_name": "Thekla",
    "gender": "Female",
    "id": "3",
    "ip_address": "13.171.205.12",
    "last_name": "Rapier",
  },
  Object {
    "email": "hbartolacci3@blogs.com",
    "first_name": "Haydon",
    "gender": "Male",
    "id": "4",
    "ip_address": "",
    "last_name": "Bartolacci",
  },
  Object {
    "email": "bpaine4@tinypic.com",
    "first_name": "Breena",
    "gender": "Female",
    "id": "5",
    "ip_address": "176.230.87.155",
    "last_name": "Paine",
  },
  Object {
    "email": "hchell5@biglobe.ne.jp",
    "first_name": "Hersh",
    "gender": "Male",
    "id": "6",
    "ip_address": "232.141.193.78",
    "last_name": "Chell",
  },
  Object {
    "email": "klexa6@yahoo.co.jp",
    "first_name": "Kimbell",
    "gender": "Male",
    "id": "7",
    "ip_address": "125.194.113.56",
    "last_name": "Lexa",
  },
  Object {
    "email": "rmaasze7@t-online.de",
    "first_name": "Reina",
    "gender": "Female",
    "id": "8",
    "ip_address": "133.148.145.208",
    "last_name": "Maasze",
  },
  Object {
    "email": "bcheyenne8@dailymail.co.uk",
    "first_name": "Becca",
    "gender": "Female",
    "id": "9",
    "ip_address": "109.218.222.95",
    "last_name": "Cheyenne",
  },
  Object {
    "email": "loller9@myspace.com",
    "first_name": "Liuka",
    "gender": "Female",
    "id": "10",
    "ip_address": "169.172.163.131",
    "last_name": "Oller",
  },
  Object {
    "email": "cfallensa@github.com",
    "first_name": "Camile",
    "gender": "Female",
    "id": "11",
    "ip_address": "133.222.95.132",
    "last_name": "Fallens",
  },
  Object {
    "email": "lomarab@google.cn",
    "first_name": "Lorna",
    "gender": "Female",
    "id": "12",
    "ip_address": "117.230.248.208",
    "last_name": "O'Mara",
  },
  Object {
    "email": "cruburyc@mapy.cz",
    "first_name": "Cori",
    "gender": "Male",
    "id": "13",
    "ip_address": "198.3.201.92",
    "last_name": "Rubury",
  },
  Object {
    "email": "acolombd@barnesandnoble.com",
    "first_name": "Ann",
    "gender": "Female",
    "id": "14",
    "ip_address": "151.96.193.114",
    "last_name": "Colomb",
  },
  Object {
    "email": "epaxeforde@wisc.edu",
    "first_name": "Elianora",
    "gender": "Female",
    "id": "15",
    "ip_address": "225.16.23.214",
    "last_name": "Paxeford",
  },
  Object {
    "email": "eablettf@booking.com",
    "first_name": "Elita",
    "gender": "Female",
    "id": "16",
    "ip_address": "134.213.249.100",
    "last_name": "Ablett",
  },
  Object {
    "email": "ugloucesterg@cbslocal.com",
    "first_name": "Umeko",
    "gender": "Female",
    "id": "17",
    "ip_address": "190.198.72.187",
    "last_name": "Gloucester",
  },
  Object {
    "email": "gbullinghamh@gizmodo.com",
    "first_name": "Gordie",
    "gender": "Male",
    "id": "18",
    "ip_address": "95.71.61.28",
    "last_name": "Bullingham",
  },
  Object {
    "email": "jdesantosi@apache.org",
    "first_name": "Javier",
    "gender": "Male",
    "id": "19",
    "ip_address": "143.252.49.158",
    "last_name": "De Santos",
  },
  Object {
    "email": "jsamettj@dailymail.co.uk",
    "first_name": "Janek",
    "gender": "Male",
    "id": "20",
    "ip_address": "140.4.208.237",
    "last_name": "Samett",
  },
  Object {
    "email": "pryburnk@tamu.edu",
    "first_name": "Pavla",
    "gender": "Female",
    "id": "21",
    "ip_address": "78.150.68.147",
    "last_name": "Ryburn",
  },
  Object {
    "email": "msaicel@usnews.com",
    "first_name": "Mikaela",
    "gender": "Female",
    "id": "22",
    "ip_address": "0.208.207.63",
    "last_name": "Saice",
  },
  Object {
    "email": "idanesm@tamu.edu",
    "first_name": "Imojean",
    "gender": "Female",
    "id": "23",
    "ip_address": "79.51.140.196",
    "last_name": "Danes",
  },
  Object {
    "email": "fhabershawn@google.co.jp",
    "first_name": "Fielding",
    "gender": "Male",
    "id": "24",
    "ip_address": "239.48.42.204",
    "last_name": "Habershaw",
  },
  Object {
    "email": "erattrayo@businessweek.com",
    "first_name": "Erny",
    "gender": "Male",
    "id": "25",
    "ip_address": "201.4.52.241",
    "last_name": "Rattray",
  },
  Object {
    "email": "cmcclounanp@mapquest.com",
    "first_name": "Ciro",
    "gender": "Male",
    "id": "26",
    "ip_address": "73.188.160.213",
    "last_name": "McClounan",
  },
  Object {
    "email": "dbreemq@xinhuanet.com",
    "first_name": "Damiano",
    "gender": "Male",
    "id": "27",
    "ip_address": "88.55.159.229",
    "last_name": "Breem",
  },
  Object {
    "email": "wvorleyr@rakuten.co.jp",
    "first_name": "Waverley",
    "gender": "Male",
    "id": "28",
    "ip_address": "113.181.80.81",
    "last_name": "Vorley",
  },
  Object {
    "email": "dcamilis@storify.com",
    "first_name": "Donny",
    "gender": "Female",
    "id": "29",
    "ip_address": "236.128.201.202",
    "last_name": "Camili",
  },
  Object {
    "email": "iprettit@sourceforge.net",
    "first_name": "Isabelita",
    "gender": "Female",
    "id": "30",
    "ip_address": "203.30.192.72",
    "last_name": "Pretti",
  },
  Object {
    "email": "eaxcellu@oracle.com",
    "first_name": "Efrem",
    "gender": "Male",
    "id": "31",
    "ip_address": "108.34.139.83",
    "last_name": "Axcell",
  },
  Object {
    "email": "gwhybrayv@mtv.com",
    "first_name": "Ginger",
    "gender": "Male",
    "id": "32",
    "ip_address": "",
    "last_name": "Whybray",
  },
  Object {
    "email": "mlaurandw@craigslist.org",
    "first_name": "Malena",
    "gender": "Female",
    "id": "33",
    "ip_address": "160.210.66.160",
    "last_name": "Laurand",
  },
  Object {
    "email": "rkleinermanx@squidoo.com",
    "first_name": "Ronnie",
    "gender": "Male",
    "id": "34",
    "ip_address": "28.0.111.183",
    "last_name": "Kleinerman",
  },
  Object {
    "email": "jtolletty@dyndns.org",
    "first_name": "Jae",
    "gender": "Male",
    "id": "35",
    "ip_address": "184.47.68.56",
    "last_name": "Tollett",
  },
  Object {
    "email": "dcurseyz@mayoclinic.com",
    "first_name": "Danya",
    "gender": "Female",
    "id": "36",
    "ip_address": "113.212.16.186",
    "last_name": "Cursey",
  },
  Object {
    "email": "sdewitt10@nhs.uk",
    "first_name": "Sherlock",
    "gender": "Male",
    "id": "37",
    "ip_address": "120.62.129.145",
    "last_name": "De Witt",
  },
  Object {
    "email": "elissandre11@reddit.com",
    "first_name": "Ericka",
    "gender": "Female",
    "id": "38",
    "ip_address": "58.75.20.133",
    "last_name": "Lissandre",
  },
  Object {
    "email": "ghopkynson12@ameblo.jp",
    "first_name": "Geno",
    "gender": "Male",
    "id": "39",
    "ip_address": "248.50.135.96",
    "last_name": "Hopkynson",
  },
  Object {
    "email": "dchoudhury13@blogger.com",
    "first_name": "Dorelia",
    "gender": "Female",
    "id": "40",
    "ip_address": "178.163.183.17",
    "last_name": "Choudhury",
  },
  Object {
    "email": "kscoggin14@apache.org",
    "first_name": "Kathrine",
    "gender": "Female",
    "id": "41",
    "ip_address": "1.15.193.105",
    "last_name": "Scoggin",
  },
  Object {
    "email": "aadlam15@umich.edu",
    "first_name": "Adel",
    "gender": "Female",
    "id": "42",
    "ip_address": "233.211.110.75",
    "last_name": "Adlam",
  },
  Object {
    "email": "adunnet16@imageshack.us",
    "first_name": "Ammamaria",
    "gender": "Female",
    "id": "43",
    "ip_address": "166.77.231.149",
    "last_name": "Dunnet",
  },
  Object {
    "email": "etrassler17@java.com",
    "first_name": "Ernestine",
    "gender": "Female",
    "id": "44",
    "ip_address": "42.157.12.88",
    "last_name": "Trassler",
  },
  Object {
    "email": "mgurery18@independent.co.uk",
    "first_name": "Meggi",
    "gender": "Female",
    "id": "45",
    "ip_address": "159.250.132.87",
    "last_name": "Gurery",
  },
  Object {
    "email": "dorum19@fema.gov",
    "first_name": "Derry",
    "gender": "Male",
    "id": "46",
    "ip_address": "96.137.229.56",
    "last_name": "Orum",
  },
  Object {
    "email": "gkime1a@dyndns.org",
    "first_name": "Gloriane",
    "gender": "Female",
    "id": "47",
    "ip_address": "33.67.131.128",
    "last_name": "Kime",
  },
  Object {
    "email": "ghalhead1b@yahoo.co.jp",
    "first_name": "Gianna",
    "gender": "Female",
    "id": "48",
    "ip_address": "31.167.95.7",
    "last_name": "Halhead",
  },
  Object {
    "email": "ppontain1c@omniture.com",
    "first_name": "Pam",
    "gender": "Female",
    "id": "49",
    "ip_address": "146.71.182.198",
    "last_name": "Pontain",
  },
  Object {
    "email": "oworssam1d@instagram.com",
    "first_name": "Odetta",
    "gender": "Female",
    "id": "50",
    "ip_address": "31.122.69.90",
    "last_name": "Worssam",
  },
  Object {
    "email": "higlesias1e@nydailynews.com",
    "first_name": "Hercule",
    "gender": "Male",
    "id": "51",
    "ip_address": "100.182.81.87",
    "last_name": "Iglesias",
  },
  Object {
    "email": "scharpling1f@unicef.org",
    "first_name": "Sunshine",
    "gender": "Female",
    "id": "52",
    "ip_address": "191.103.231.47",
    "last_name": "Charpling",
  },
  Object {
    "email": "aoregan1g@flavors.me",
    "first_name": "Audie",
    "gender": "Female",
    "id": "53",
    "ip_address": "207.62.103.223",
    "last_name": "O'Regan",
  },
  Object {
    "email": "rcorballis1h@1688.com",
    "first_name": "Reina",
    "gender": "Female",
    "id": "54",
    "ip_address": "",
    "last_name": "Corballis",
  },
  Object {
    "email": "bburkman1i@fotki.com",
    "first_name": "Berty",
    "gender": "Male",
    "id": "55",
    "ip_address": "18.8.49.251",
    "last_name": "Burkman",
  },
  Object {
    "email": "mglaysher1j@mediafire.com",
    "first_name": "Maurizio",
    "gender": "Male",
    "id": "56",
    "ip_address": "8.79.137.24",
    "last_name": "Glaysher",
  },
  Object {
    "email": "lditchett1k@cargocollective.com",
    "first_name": "Leisha",
    "gender": "Female",
    "id": "57",
    "ip_address": "122.181.79.99",
    "last_name": "Ditchett",
  },
  Object {
    "email": "tmacnulty1l@hp.com",
    "first_name": "Thor",
    "gender": "Male",
    "id": "58",
    "ip_address": "169.45.129.120",
    "last_name": "MacNulty",
  },
  Object {
    "email": "twreiford1m@ca.gov",
    "first_name": "Trudie",
    "gender": "Female",
    "id": "59",
    "ip_address": "107.76.123.4",
    "last_name": "Wreiford",
  },
  Object {
    "email": "hkachel1n@princeton.edu",
    "first_name": "Herman",
    "gender": "Male",
    "id": "60",
    "ip_address": "76.154.255.166",
    "last_name": "Kachel",
  },
  Object {
    "email": "dfollit1o@behance.net",
    "first_name": "Dniren",
    "gender": "Female",
    "id": "61",
    "ip_address": "108.182.127.227",
    "last_name": "Follit",
  },
  Object {
    "email": "agunthorp1p@comsenz.com",
    "first_name": "Abramo",
    "gender": "Male",
    "id": "62",
    "ip_address": "216.88.125.229",
    "last_name": "Gunthorp",
  },
  Object {
    "email": "irubert1q@prlog.org",
    "first_name": "Iago",
    "gender": "Male",
    "id": "63",
    "ip_address": "118.38.98.74",
    "last_name": "Rubert",
  },
  Object {
    "email": "lseaborn1r@w3.org",
    "first_name": "Lucienne",
    "gender": "Female",
    "id": "64",
    "ip_address": "69.207.8.242",
    "last_name": "Seaborn",
  },
  Object {
    "email": "shagland1s@macromedia.com",
    "first_name": "Sven",
    "gender": "Male",
    "id": "65",
    "ip_address": "44.223.49.157",
    "last_name": "Hagland",
  },
  Object {
    "email": "lcrumb1t@soup.io",
    "first_name": "Livia",
    "gender": "Female",
    "id": "66",
    "ip_address": "",
    "last_name": "Crumb",
  },
  Object {
    "email": "asimnell1u@imdb.com",
    "first_name": "Artus",
    "gender": "Male",
    "id": "67",
    "ip_address": "",
    "last_name": "Simnell",
  },
  Object {
    "email": "bbrewitt1v@fda.gov",
    "first_name": "Brig",
    "gender": "Male",
    "id": "68",
    "ip_address": "95.28.189.109",
    "last_name": "Brewitt",
  },
  Object {
    "email": "kolagen1w@google.ca",
    "first_name": "Klaus",
    "gender": "Male",
    "id": "69",
    "ip_address": "41.65.89.61",
    "last_name": "O'Lagen",
  },
  Object {
    "email": "cslark1x@domainmarket.com",
    "first_name": "Chick",
    "gender": "Male",
    "id": "70",
    "ip_address": "105.231.197.225",
    "last_name": "Slark",
  },
  Object {
    "email": "dgilstoun1y@shutterfly.com",
    "first_name": "Dwight",
    "gender": "Male",
    "id": "71",
    "ip_address": "220.89.140.253",
    "last_name": "Gilstoun",
  },
  Object {
    "email": "medler1z@prlog.org",
    "first_name": "Marje",
    "gender": "Female",
    "id": "72",
    "ip_address": "137.232.31.232",
    "last_name": "Edler",
  },
  Object {
    "email": "mmarcos20@liveinternet.ru",
    "first_name": "Marcelle",
    "gender": "Female",
    "id": "73",
    "ip_address": "53.108.123.28",
    "last_name": "Marcos",
  },
  Object {
    "email": "zwoolvett21@twitter.com",
    "first_name": "Zita",
    "gender": "Female",
    "id": "74",
    "ip_address": "248.236.127.133",
    "last_name": "Woolvett",
  },
  Object {
    "email": "welles22@baidu.com",
    "first_name": "Wynn",
    "gender": "Female",
    "id": "75",
    "ip_address": "",
    "last_name": "Elles",
  },
  Object {
    "email": "btrigwell23@addtoany.com",
    "first_name": "Bethena",
    "gender": "Female",
    "id": "76",
    "ip_address": "63.96.169.159",
    "last_name": "Trigwell",
  },
  Object {
    "email": "cgianinotti24@devhub.com",
    "first_name": "Cami",
    "gender": "Female",
    "id": "77",
    "ip_address": "217.118.234.68",
    "last_name": "Gianinotti",
  },
  Object {
    "email": "atiuit25@phpbb.com",
    "first_name": "Alvy",
    "gender": "Male",
    "id": "78",
    "ip_address": "42.229.198.14",
    "last_name": "Tiuit",
  },
  Object {
    "email": "mcarff26@microsoft.com",
    "first_name": "Mason",
    "gender": "Male",
    "id": "79",
    "ip_address": "232.28.254.121",
    "last_name": "Carff",
  },
  Object {
    "email": "erilings27@1688.com",
    "first_name": "Elissa",
    "gender": "Female",
    "id": "80",
    "ip_address": "",
    "last_name": "Rilings",
  },
  Object {
    "email": "afrizzell28@usa.gov",
    "first_name": "Aggi",
    "gender": "Female",
    "id": "81",
    "ip_address": "121.121.203.38",
    "last_name": "Frizzell",
  },
  Object {
    "email": "eburtonwood29@slashdot.org",
    "first_name": "Eba",
    "gender": "Female",
    "id": "82",
    "ip_address": "",
    "last_name": "Burtonwood",
  },
  Object {
    "email": "speascod2a@creativecommons.org",
    "first_name": "Sherlock",
    "gender": "Male",
    "id": "83",
    "ip_address": "40.77.98.240",
    "last_name": "Peascod",
  },
  Object {
    "email": "agillbanks2b@qq.com",
    "first_name": "Archibold",
    "gender": "Male",
    "id": "84",
    "ip_address": "69.123.102.106",
    "last_name": "Gillbanks",
  },
  Object {
    "email": "pcanet2c@bluehost.com",
    "first_name": "Percy",
    "gender": "Male",
    "id": "85",
    "ip_address": "138.200.167.62",
    "last_name": "Canet",
  },
  Object {
    "email": "fcalley2d@cafepress.com",
    "first_name": "Fredek",
    "gender": "Male",
    "id": "86",
    "ip_address": "13.28.110.151",
    "last_name": "Calley",
  },
  Object {
    "email": "bsaines2e@networksolutions.com",
    "first_name": "Beret",
    "gender": "Female",
    "id": "87",
    "ip_address": "88.106.35.175",
    "last_name": "Saines",
  },
  Object {
    "email": "bclowsley2f@fc2.com",
    "first_name": "Brendan",
    "gender": "Male",
    "id": "88",
    "ip_address": "222.98.82.24",
    "last_name": "Clowsley",
  },
  Object {
    "email": "bdomoney2g@de.vu",
    "first_name": "Bradley",
    "gender": "Male",
    "id": "89",
    "ip_address": "170.132.68.89",
    "last_name": "Domoney",
  },
  Object {
    "email": "ejarrelt2h@nps.gov",
    "first_name": "Elana",
    "gender": "Female",
    "id": "90",
    "ip_address": "40.170.186.98",
    "last_name": "Jarrelt",
  },
  Object {
    "email": "lbrugh2i@google.fr",
    "first_name": "Lonnard",
    "gender": "Male",
    "id": "91",
    "ip_address": "148.255.124.47",
    "last_name": "Brugh",
  },
  Object {
    "email": "bsjostrom2j@netscape.com",
    "first_name": "Bonita",
    "gender": "Female",
    "id": "92",
    "ip_address": "202.48.211.183",
    "last_name": "Sjostrom",
  },
  Object {
    "email": "vlongmead2k@liveinternet.ru",
    "first_name": "Virge",
    "gender": "Male",
    "id": "93",
    "ip_address": "194.165.53.150",
    "last_name": "Longmead",
  },
  Object {
    "email": "jvedntyev2l@statcounter.com",
    "first_name": "Jozef",
    "gender": "Male",
    "id": "94",
    "ip_address": "91.113.28.66",
    "last_name": "Vedntyev",
  },
  Object {
    "email": "zrealy2m@twitter.com",
    "first_name": "Zsa zsa",
    "gender": "Female",
    "id": "95",
    "ip_address": "182.86.93.110",
    "last_name": "Realy",
  },
  Object {
    "email": "teasterbrook2n@tiny.cc",
    "first_name": "Tabina",
    "gender": "Female",
    "id": "96",
    "ip_address": "244.69.126.53",
    "last_name": "Easterbrook",
  },
  Object {
    "email": "ocuncarr2o@dailymail.co.uk",
    "first_name": "Obadias",
    "gender": "Male",
    "id": "97",
    "ip_address": "148.15.20.212",
    "last_name": "Cuncarr",
  },
  Object {
    "email": "rlathleiffure2p@tripadvisor.com",
    "first_name": "Randie",
    "gender": "Male",
    "id": "98",
    "ip_address": "130.145.159.117",
    "last_name": "Lathleiffure",
  },
  Object {
    "email": "tyellowlees2q@nih.gov",
    "first_name": "Tobye",
    "gender": "Female",
    "id": "99",
    "ip_address": "109.126.56.129",
    "last_name": "Yellowlees",
  },
  Object {
    "email": "tscohier2r@ebay.co.uk",
    "first_name": "Tarra",
    "gender": "Female",
    "id": "100",
    "ip_address": "216.227.34.241",
    "last_name": "Scohier",
  },
]
`;
